../Core/Src/main.c:57:6:init_exercise2	4	static
../Core/Src/main.c:59:6:led_red_on	8	static
../Core/Src/main.c:64:6:led_yellow_on	8	static
../Core/Src/main.c:69:6:led_green_on	8	static
../Core/Src/main.c:76:6:run_exercise2	8	static
../Core/Src/main.c:98:6:set_lane_13	16	static
../Core/Src/main.c:119:6:set_lane_24	16	static
../Core/Src/main.c:140:6:init_exercise3	4	static
../Core/Src/main.c:142:6:run_exercise3	8	static
../Core/Src/main.c:165:5:main	8	static
../Core/Src/main.c:210:6:SystemClock_Config	72	static
../Core/Src/main.c:247:13:MX_GPIO_Init	32	static
../Core/Src/main.c:281:6:Error_Handler	4	static,ignoring_inline_asm
